Command line invocation:
    /Applications/Xcode.app/Contents/Developer/usr/bin/xcodebuild -project FranchiseManager.xcodeproj -scheme FranchiseManager build

--- xcodebuild: WARNING: Using the first of multiple matching destinations:
{ platform:macOS, arch:arm64, id:00006040-0018715C22A0801C, name:My Mac }
{ platform:macOS, arch:x86_64, id:00006040-0018715C22A0801C, name:My Mac }
{ platform:macOS, name:Any Mac }
ComputePackagePrebuildTargetDependencyGraph

Prepare packages

CreateBuildRequest

SendProjectDescription

CreateBuildOperation

ComputeTargetDependencyGraph
note: Building targets in dependency order
note: Target dependency graph (1 target)
    Target 'FranchiseManager' in project 'FranchiseManager' (no dependencies)

GatherProvisioningInputs

CreateBuildDescription

ExecuteExternalTool /Applications/Xcode.app/Contents/Developer/Toolchains/XcodeDefault.xctoolchain/usr/bin/clang -v -E -dM -isysroot /Applications/Xcode.app/Contents/Developer/Platforms/MacOSX.platform/Developer/SDKs/MacOSX15.5.sdk -x c -c /dev/null

ExecuteExternalTool /Applications/Xcode.app/Contents/Developer/usr/bin/actool --version --output-format xml1

ExecuteExternalTool /Applications/Xcode.app/Contents/Developer/Toolchains/XcodeDefault.xctoolchain/usr/bin/swiftc --version

ExecuteExternalTool /Applications/Xcode.app/Contents/Developer/Toolchains/XcodeDefault.xctoolchain/usr/bin/ld -version_details

Build description signature: e3107fa3fa48776a7683d14e46c7fc24
Build description path: /Users/admin/Library/Developer/Xcode/DerivedData/FranchiseManager-bsdloxdagqlxnbhbpigdpismehms/Build/Intermediates.noindex/XCBuildData/e3107fa3fa48776a7683d14e46c7fc24.xcbuilddata
ClangStatCache /Applications/Xcode.app/Contents/Developer/Toolchains/XcodeDefault.xctoolchain/usr/bin/clang-stat-cache /Applications/Xcode.app/Contents/Developer/Platforms/MacOSX.platform/Developer/SDKs/MacOSX15.5.sdk /Users/admin/Library/Developer/Xcode/DerivedData/SDKStatCaches.noindex/macosx15.5-24F74-8254517eb8b97d462ccbc072ba9094c9.sdkstatcache
    cd /Users/admin/Desktop/mainChannel/codingRelated/ClaudeHockey/FranchiseManager/FranchiseManager.xcodeproj
    /Applications/Xcode.app/Contents/Developer/Toolchains/XcodeDefault.xctoolchain/usr/bin/clang-stat-cache /Applications/Xcode.app/Contents/Developer/Platforms/MacOSX.platform/Developer/SDKs/MacOSX15.5.sdk -o /Users/admin/Library/Developer/Xcode/DerivedData/SDKStatCaches.noindex/macosx15.5-24F74-8254517eb8b97d462ccbc072ba9094c9.sdkstatcache

WriteAuxiliaryFile /Users/admin/Library/Developer/Xcode/DerivedData/FranchiseManager-bsdloxdagqlxnbhbpigdpismehms/Build/Intermediates.noindex/FranchiseManager.build/Debug/FranchiseManager.build/Objects-normal/arm64/FranchiseManager.LinkFileList (in target 'FranchiseManager' from project 'FranchiseManager')
    cd /Users/admin/Desktop/mainChannel/codingRelated/ClaudeHockey/FranchiseManager
    write-file /Users/admin/Library/Developer/Xcode/DerivedData/FranchiseManager-bsdloxdagqlxnbhbpigdpismehms/Build/Intermediates.noindex/FranchiseManager.build/Debug/FranchiseManager.build/Objects-normal/arm64/FranchiseManager.LinkFileList

ProcessProductPackaging /Users/admin/Desktop/mainChannel/codingRelated/ClaudeHockey/FranchiseManager/FranchiseManager/FranchiseManager.entitlements /Users/admin/Library/Developer/Xcode/DerivedData/FranchiseManager-bsdloxdagqlxnbhbpigdpismehms/Build/Intermediates.noindex/FranchiseManager.build/Debug/FranchiseManager.build/FranchiseManager.app.xcent (in target 'FranchiseManager' from project 'FranchiseManager')
    cd /Users/admin/Desktop/mainChannel/codingRelated/ClaudeHockey/FranchiseManager
    
    Entitlements:
    
    {
    "com.apple.security.app-sandbox" = 1;
    "com.apple.security.files.downloads.read-write" = 1;
    "com.apple.security.files.user-selected.read-only" = 1;
    "com.apple.security.files.user-selected.read-write" = 1;
    "com.apple.security.get-task-allow" = 1;
}
    
    builtin-productPackagingUtility /Users/admin/Desktop/mainChannel/codingRelated/ClaudeHockey/FranchiseManager/FranchiseManager/FranchiseManager.entitlements -entitlements -format xml -o /Users/admin/Library/Developer/Xcode/DerivedData/FranchiseManager-bsdloxdagqlxnbhbpigdpismehms/Build/Intermediates.noindex/FranchiseManager.build/Debug/FranchiseManager.build/FranchiseManager.app.xcent

WriteAuxiliaryFile /Users/admin/Library/Developer/Xcode/DerivedData/FranchiseManager-bsdloxdagqlxnbhbpigdpismehms/Build/Intermediates.noindex/FranchiseManager.build/Debug/FranchiseManager.build/Objects-normal/arm64/FranchiseManager.SwiftFileList (in target 'FranchiseManager' from project 'FranchiseManager')
    cd /Users/admin/Desktop/mainChannel/codingRelated/ClaudeHockey/FranchiseManager
    write-file /Users/admin/Library/Developer/Xcode/DerivedData/FranchiseManager-bsdloxdagqlxnbhbpigdpismehms/Build/Intermediates.noindex/FranchiseManager.build/Debug/FranchiseManager.build/Objects-normal/arm64/FranchiseManager.SwiftFileList

WriteAuxiliaryFile /Users/admin/Library/Developer/Xcode/DerivedData/FranchiseManager-bsdloxdagqlxnbhbpigdpismehms/Build/Intermediates.noindex/FranchiseManager.build/Debug/FranchiseManager.build/Objects-normal/arm64/FranchiseManager.SwiftConstValuesFileList (in target 'FranchiseManager' from project 'FranchiseManager')
    cd /Users/admin/Desktop/mainChannel/codingRelated/ClaudeHockey/FranchiseManager
    write-file /Users/admin/Library/Developer/Xcode/DerivedData/FranchiseManager-bsdloxdagqlxnbhbpigdpismehms/Build/Intermediates.noindex/FranchiseManager.build/Debug/FranchiseManager.build/Objects-normal/arm64/FranchiseManager.SwiftConstValuesFileList

ProcessProductPackagingDER /Users/admin/Library/Developer/Xcode/DerivedData/FranchiseManager-bsdloxdagqlxnbhbpigdpismehms/Build/Intermediates.noindex/FranchiseManager.build/Debug/FranchiseManager.build/FranchiseManager.app.xcent /Users/admin/Library/Developer/Xcode/DerivedData/FranchiseManager-bsdloxdagqlxnbhbpigdpismehms/Build/Intermediates.noindex/FranchiseManager.build/Debug/FranchiseManager.build/FranchiseManager.app.xcent.der (in target 'FranchiseManager' from project 'FranchiseManager')
    cd /Users/admin/Desktop/mainChannel/codingRelated/ClaudeHockey/FranchiseManager
    /usr/bin/derq query -f xml -i /Users/admin/Library/Developer/Xcode/DerivedData/FranchiseManager-bsdloxdagqlxnbhbpigdpismehms/Build/Intermediates.noindex/FranchiseManager.build/Debug/FranchiseManager.build/FranchiseManager.app.xcent -o /Users/admin/Library/Developer/Xcode/DerivedData/FranchiseManager-bsdloxdagqlxnbhbpigdpismehms/Build/Intermediates.noindex/FranchiseManager.build/Debug/FranchiseManager.build/FranchiseManager.app.xcent.der --raw

ProcessInfoPlistFile /Users/admin/Library/Developer/Xcode/DerivedData/FranchiseManager-bsdloxdagqlxnbhbpigdpismehms/Build/Products/Debug/FranchiseManager.app/Contents/Info.plist /Users/admin/Library/Developer/Xcode/DerivedData/FranchiseManager-bsdloxdagqlxnbhbpigdpismehms/Build/Intermediates.noindex/FranchiseManager.build/Debug/FranchiseManager.build/empty-FranchiseManager.plist (in target 'FranchiseManager' from project 'FranchiseManager')
    cd /Users/admin/Desktop/mainChannel/codingRelated/ClaudeHockey/FranchiseManager
    builtin-infoPlistUtility /Users/admin/Library/Developer/Xcode/DerivedData/FranchiseManager-bsdloxdagqlxnbhbpigdpismehms/Build/Intermediates.noindex/FranchiseManager.build/Debug/FranchiseManager.build/empty-FranchiseManager.plist -producttype com.apple.product-type.application -genpkginfo /Users/admin/Library/Developer/Xcode/DerivedData/FranchiseManager-bsdloxdagqlxnbhbpigdpismehms/Build/Products/Debug/FranchiseManager.app/Contents/PkgInfo -expandbuildsettings -platform macosx -additionalcontentfile /Users/admin/Library/Developer/Xcode/DerivedData/FranchiseManager-bsdloxdagqlxnbhbpigdpismehms/Build/Intermediates.noindex/FranchiseManager.build/Debug/FranchiseManager.build/assetcatalog_generated_info.plist -o /Users/admin/Library/Developer/Xcode/DerivedData/FranchiseManager-bsdloxdagqlxnbhbpigdpismehms/Build/Products/Debug/FranchiseManager.app/Contents/Info.plist

SwiftDriver FranchiseManager normal arm64 com.apple.xcode.tools.swift.compiler (in target 'FranchiseManager' from project 'FranchiseManager')
    cd /Users/admin/Desktop/mainChannel/codingRelated/ClaudeHockey/FranchiseManager
    builtin-SwiftDriver -- /Applications/Xcode.app/Contents/Developer/Toolchains/XcodeDefault.xctoolchain/usr/bin/swiftc -module-name FranchiseManager -Onone -enforce-exclusivity\=checked @/Users/admin/Library/Developer/Xcode/DerivedData/FranchiseManager-bsdloxdagqlxnbhbpigdpismehms/Build/Intermediates.noindex/FranchiseManager.build/Debug/FranchiseManager.build/Objects-normal/arm64/FranchiseManager.SwiftFileList -DDEBUG -enable-bare-slash-regex -enable-experimental-feature DebugDescriptionMacro -sdk /Applications/Xcode.app/Contents/Developer/Platforms/MacOSX.platform/Developer/SDKs/MacOSX15.5.sdk -target arm64-apple-macos15.3 -g -module-cache-path /Users/admin/Library/Developer/Xcode/DerivedData/ModuleCache.noindex -Xfrontend -serialize-debugging-options -enable-testing -index-store-path /Users/admin/Library/Developer/Xcode/DerivedData/FranchiseManager-bsdloxdagqlxnbhbpigdpismehms/Index.noindex/DataStore -swift-version 5 -I /Users/admin/Library/Developer/Xcode/DerivedData/FranchiseManager-bsdloxdagqlxnbhbpigdpismehms/Build/Products/Debug -F /Users/admin/Library/Developer/Xcode/DerivedData/FranchiseManager-bsdloxdagqlxnbhbpigdpismehms/Build/Products/Debug -emit-localized-strings -emit-localized-strings-path /Users/admin/Library/Developer/Xcode/DerivedData/FranchiseManager-bsdloxdagqlxnbhbpigdpismehms/Build/Intermediates.noindex/FranchiseManager.build/Debug/FranchiseManager.build/Objects-normal/arm64 -c -j12 -enable-batch-mode -incremental -Xcc -ivfsstatcache -Xcc /Users/admin/Library/Developer/Xcode/DerivedData/SDKStatCaches.noindex/macosx15.5-24F74-8254517eb8b97d462ccbc072ba9094c9.sdkstatcache -output-file-map /Users/admin/Library/Developer/Xcode/DerivedData/FranchiseManager-bsdloxdagqlxnbhbpigdpismehms/Build/Intermediates.noindex/FranchiseManager.build/Debug/FranchiseManager.build/Objects-normal/arm64/FranchiseManager-OutputFileMap.json -use-frontend-parseable-output -save-temps -no-color-diagnostics -serialize-diagnostics -emit-dependencies -emit-module -emit-module-path /Users/admin/Library/Developer/Xcode/DerivedData/FranchiseManager-bsdloxdagqlxnbhbpigdpismehms/Build/Intermediates.noindex/FranchiseManager.build/Debug/FranchiseManager.build/Objects-normal/arm64/FranchiseManager.swiftmodule -validate-clang-modules-once -clang-build-session-file /Users/admin/Library/Developer/Xcode/DerivedData/ModuleCache.noindex/Session.modulevalidation -Xcc -I/Users/admin/Library/Developer/Xcode/DerivedData/FranchiseManager-bsdloxdagqlxnbhbpigdpismehms/Build/Intermediates.noindex/FranchiseManager.build/Debug/FranchiseManager.build/swift-overrides.hmap -emit-const-values -Xfrontend -const-gather-protocols-file -Xfrontend /Users/admin/Library/Developer/Xcode/DerivedData/FranchiseManager-bsdloxdagqlxnbhbpigdpismehms/Build/Intermediates.noindex/FranchiseManager.build/Debug/FranchiseManager.build/Objects-normal/arm64/FranchiseManager_const_extract_protocols.json -Xcc -iquote -Xcc /Users/admin/Library/Developer/Xcode/DerivedData/FranchiseManager-bsdloxdagqlxnbhbpigdpismehms/Build/Intermediates.noindex/FranchiseManager.build/Debug/FranchiseManager.build/FranchiseManager-generated-files.hmap -Xcc -I/Users/admin/Library/Developer/Xcode/DerivedData/FranchiseManager-bsdloxdagqlxnbhbpigdpismehms/Build/Intermediates.noindex/FranchiseManager.build/Debug/FranchiseManager.build/FranchiseManager-own-target-headers.hmap -Xcc -I/Users/admin/Library/Developer/Xcode/DerivedData/FranchiseManager-bsdloxdagqlxnbhbpigdpismehms/Build/Intermediates.noindex/FranchiseManager.build/Debug/FranchiseManager.build/FranchiseManager-all-target-headers.hmap -Xcc -iquote -Xcc /Users/admin/Library/Developer/Xcode/DerivedData/FranchiseManager-bsdloxdagqlxnbhbpigdpismehms/Build/Intermediates.noindex/FranchiseManager.build/Debug/FranchiseManager.build/FranchiseManager-project-headers.hmap -Xcc -I/Users/admin/Library/Developer/Xcode/DerivedData/FranchiseManager-bsdloxdagqlxnbhbpigdpismehms/Build/Products/Debug/include -Xcc -I/Users/admin/Library/Developer/Xcode/DerivedData/FranchiseManager-bsdloxdagqlxnbhbpigdpismehms/Build/Intermediates.noindex/FranchiseManager.build/Debug/FranchiseManager.build/DerivedSources-normal/arm64 -Xcc -I/Users/admin/Library/Developer/Xcode/DerivedData/FranchiseManager-bsdloxdagqlxnbhbpigdpismehms/Build/Intermediates.noindex/FranchiseManager.build/Debug/FranchiseManager.build/DerivedSources/arm64 -Xcc -I/Users/admin/Library/Developer/Xcode/DerivedData/FranchiseManager-bsdloxdagqlxnbhbpigdpismehms/Build/Intermediates.noindex/FranchiseManager.build/Debug/FranchiseManager.build/DerivedSources -Xcc -DDEBUG\=1 -emit-objc-header -emit-objc-header-path /Users/admin/Library/Developer/Xcode/DerivedData/FranchiseManager-bsdloxdagqlxnbhbpigdpismehms/Build/Intermediates.noindex/FranchiseManager.build/Debug/FranchiseManager.build/Objects-normal/arm64/FranchiseManager-Swift.h -working-directory /Users/admin/Desktop/mainChannel/codingRelated/ClaudeHockey/FranchiseManager -experimental-emit-module-separately -disable-cmo

SwiftDriver\ Compilation\ Requirements FranchiseManager normal arm64 com.apple.xcode.tools.swift.compiler (in target 'FranchiseManager' from project 'FranchiseManager')
    cd /Users/admin/Desktop/mainChannel/codingRelated/ClaudeHockey/FranchiseManager
    builtin-Swift-Compilation-Requirements -- /Applications/Xcode.app/Contents/Developer/Toolchains/XcodeDefault.xctoolchain/usr/bin/swiftc -module-name FranchiseManager -Onone -enforce-exclusivity\=checked @/Users/admin/Library/Developer/Xcode/DerivedData/FranchiseManager-bsdloxdagqlxnbhbpigdpismehms/Build/Intermediates.noindex/FranchiseManager.build/Debug/FranchiseManager.build/Objects-normal/arm64/FranchiseManager.SwiftFileList -DDEBUG -enable-bare-slash-regex -enable-experimental-feature DebugDescriptionMacro -sdk /Applications/Xcode.app/Contents/Developer/Platforms/MacOSX.platform/Developer/SDKs/MacOSX15.5.sdk -target arm64-apple-macos15.3 -g -module-cache-path /Users/admin/Library/Developer/Xcode/DerivedData/ModuleCache.noindex -Xfrontend -serialize-debugging-options -enable-testing -index-store-path /Users/admin/Library/Developer/Xcode/DerivedData/FranchiseManager-bsdloxdagqlxnbhbpigdpismehms/Index.noindex/DataStore -swift-version 5 -I /Users/admin/Library/Developer/Xcode/DerivedData/FranchiseManager-bsdloxdagqlxnbhbpigdpismehms/Build/Products/Debug -F /Users/admin/Library/Developer/Xcode/DerivedData/FranchiseManager-bsdloxdagqlxnbhbpigdpismehms/Build/Products/Debug -emit-localized-strings -emit-localized-strings-path /Users/admin/Library/Developer/Xcode/DerivedData/FranchiseManager-bsdloxdagqlxnbhbpigdpismehms/Build/Intermediates.noindex/FranchiseManager.build/Debug/FranchiseManager.build/Objects-normal/arm64 -c -j12 -enable-batch-mode -incremental -Xcc -ivfsstatcache -Xcc /Users/admin/Library/Developer/Xcode/DerivedData/SDKStatCaches.noindex/macosx15.5-24F74-8254517eb8b97d462ccbc072ba9094c9.sdkstatcache -output-file-map /Users/admin/Library/Developer/Xcode/DerivedData/FranchiseManager-bsdloxdagqlxnbhbpigdpismehms/Build/Intermediates.noindex/FranchiseManager.build/Debug/FranchiseManager.build/Objects-normal/arm64/FranchiseManager-OutputFileMap.json -use-frontend-parseable-output -save-temps -no-color-diagnostics -serialize-diagnostics -emit-dependencies -emit-module -emit-module-path /Users/admin/Library/Developer/Xcode/DerivedData/FranchiseManager-bsdloxdagqlxnbhbpigdpismehms/Build/Intermediates.noindex/FranchiseManager.build/Debug/FranchiseManager.build/Objects-normal/arm64/FranchiseManager.swiftmodule -validate-clang-modules-once -clang-build-session-file /Users/admin/Library/Developer/Xcode/DerivedData/ModuleCache.noindex/Session.modulevalidation -Xcc -I/Users/admin/Library/Developer/Xcode/DerivedData/FranchiseManager-bsdloxdagqlxnbhbpigdpismehms/Build/Intermediates.noindex/FranchiseManager.build/Debug/FranchiseManager.build/swift-overrides.hmap -emit-const-values -Xfrontend -const-gather-protocols-file -Xfrontend /Users/admin/Library/Developer/Xcode/DerivedData/FranchiseManager-bsdloxdagqlxnbhbpigdpismehms/Build/Intermediates.noindex/FranchiseManager.build/Debug/FranchiseManager.build/Objects-normal/arm64/FranchiseManager_const_extract_protocols.json -Xcc -iquote -Xcc /Users/admin/Library/Developer/Xcode/DerivedData/FranchiseManager-bsdloxdagqlxnbhbpigdpismehms/Build/Intermediates.noindex/FranchiseManager.build/Debug/FranchiseManager.build/FranchiseManager-generated-files.hmap -Xcc -I/Users/admin/Library/Developer/Xcode/DerivedData/FranchiseManager-bsdloxdagqlxnbhbpigdpismehms/Build/Intermediates.noindex/FranchiseManager.build/Debug/FranchiseManager.build/FranchiseManager-own-target-headers.hmap -Xcc -I/Users/admin/Library/Developer/Xcode/DerivedData/FranchiseManager-bsdloxdagqlxnbhbpigdpismehms/Build/Intermediates.noindex/FranchiseManager.build/Debug/FranchiseManager.build/FranchiseManager-all-target-headers.hmap -Xcc -iquote -Xcc /Users/admin/Library/Developer/Xcode/DerivedData/FranchiseManager-bsdloxdagqlxnbhbpigdpismehms/Build/Intermediates.noindex/FranchiseManager.build/Debug/FranchiseManager.build/FranchiseManager-project-headers.hmap -Xcc -I/Users/admin/Library/Developer/Xcode/DerivedData/FranchiseManager-bsdloxdagqlxnbhbpigdpismehms/Build/Products/Debug/include -Xcc -I/Users/admin/Library/Developer/Xcode/DerivedData/FranchiseManager-bsdloxdagqlxnbhbpigdpismehms/Build/Intermediates.noindex/FranchiseManager.build/Debug/FranchiseManager.build/DerivedSources-normal/arm64 -Xcc -I/Users/admin/Library/Developer/Xcode/DerivedData/FranchiseManager-bsdloxdagqlxnbhbpigdpismehms/Build/Intermediates.noindex/FranchiseManager.build/Debug/FranchiseManager.build/DerivedSources/arm64 -Xcc -I/Users/admin/Library/Developer/Xcode/DerivedData/FranchiseManager-bsdloxdagqlxnbhbpigdpismehms/Build/Intermediates.noindex/FranchiseManager.build/Debug/FranchiseManager.build/DerivedSources -Xcc -DDEBUG\=1 -emit-objc-header -emit-objc-header-path /Users/admin/Library/Developer/Xcode/DerivedData/FranchiseManager-bsdloxdagqlxnbhbpigdpismehms/Build/Intermediates.noindex/FranchiseManager.build/Debug/FranchiseManager.build/Objects-normal/arm64/FranchiseManager-Swift.h -working-directory /Users/admin/Desktop/mainChannel/codingRelated/ClaudeHockey/FranchiseManager -experimental-emit-module-separately -disable-cmo

SwiftDriver\ Compilation FranchiseManager normal arm64 com.apple.xcode.tools.swift.compiler (in target 'FranchiseManager' from project 'FranchiseManager')
    cd /Users/admin/Desktop/mainChannel/codingRelated/ClaudeHockey/FranchiseManager
    builtin-Swift-Compilation -- /Applications/Xcode.app/Contents/Developer/Toolchains/XcodeDefault.xctoolchain/usr/bin/swiftc -module-name FranchiseManager -Onone -enforce-exclusivity\=checked @/Users/admin/Library/Developer/Xcode/DerivedData/FranchiseManager-bsdloxdagqlxnbhbpigdpismehms/Build/Intermediates.noindex/FranchiseManager.build/Debug/FranchiseManager.build/Objects-normal/arm64/FranchiseManager.SwiftFileList -DDEBUG -enable-bare-slash-regex -enable-experimental-feature DebugDescriptionMacro -sdk /Applications/Xcode.app/Contents/Developer/Platforms/MacOSX.platform/Developer/SDKs/MacOSX15.5.sdk -target arm64-apple-macos15.3 -g -module-cache-path /Users/admin/Library/Developer/Xcode/DerivedData/ModuleCache.noindex -Xfrontend -serialize-debugging-options -enable-testing -index-store-path /Users/admin/Library/Developer/Xcode/DerivedData/FranchiseManager-bsdloxdagqlxnbhbpigdpismehms/Index.noindex/DataStore -swift-version 5 -I /Users/admin/Library/Developer/Xcode/DerivedData/FranchiseManager-bsdloxdagqlxnbhbpigdpismehms/Build/Products/Debug -F /Users/admin/Library/Developer/Xcode/DerivedData/FranchiseManager-bsdloxdagqlxnbhbpigdpismehms/Build/Products/Debug -emit-localized-strings -emit-localized-strings-path /Users/admin/Library/Developer/Xcode/DerivedData/FranchiseManager-bsdloxdagqlxnbhbpigdpismehms/Build/Intermediates.noindex/FranchiseManager.build/Debug/FranchiseManager.build/Objects-normal/arm64 -c -j12 -enable-batch-mode -incremental -Xcc -ivfsstatcache -Xcc /Users/admin/Library/Developer/Xcode/DerivedData/SDKStatCaches.noindex/macosx15.5-24F74-8254517eb8b97d462ccbc072ba9094c9.sdkstatcache -output-file-map /Users/admin/Library/Developer/Xcode/DerivedData/FranchiseManager-bsdloxdagqlxnbhbpigdpismehms/Build/Intermediates.noindex/FranchiseManager.build/Debug/FranchiseManager.build/Objects-normal/arm64/FranchiseManager-OutputFileMap.json -use-frontend-parseable-output -save-temps -no-color-diagnostics -serialize-diagnostics -emit-dependencies -emit-module -emit-module-path /Users/admin/Library/Developer/Xcode/DerivedData/FranchiseManager-bsdloxdagqlxnbhbpigdpismehms/Build/Intermediates.noindex/FranchiseManager.build/Debug/FranchiseManager.build/Objects-normal/arm64/FranchiseManager.swiftmodule -validate-clang-modules-once -clang-build-session-file /Users/admin/Library/Developer/Xcode/DerivedData/ModuleCache.noindex/Session.modulevalidation -Xcc -I/Users/admin/Library/Developer/Xcode/DerivedData/FranchiseManager-bsdloxdagqlxnbhbpigdpismehms/Build/Intermediates.noindex/FranchiseManager.build/Debug/FranchiseManager.build/swift-overrides.hmap -emit-const-values -Xfrontend -const-gather-protocols-file -Xfrontend /Users/admin/Library/Developer/Xcode/DerivedData/FranchiseManager-bsdloxdagqlxnbhbpigdpismehms/Build/Intermediates.noindex/FranchiseManager.build/Debug/FranchiseManager.build/Objects-normal/arm64/FranchiseManager_const_extract_protocols.json -Xcc -iquote -Xcc /Users/admin/Library/Developer/Xcode/DerivedData/FranchiseManager-bsdloxdagqlxnbhbpigdpismehms/Build/Intermediates.noindex/FranchiseManager.build/Debug/FranchiseManager.build/FranchiseManager-generated-files.hmap -Xcc -I/Users/admin/Library/Developer/Xcode/DerivedData/FranchiseManager-bsdloxdagqlxnbhbpigdpismehms/Build/Intermediates.noindex/FranchiseManager.build/Debug/FranchiseManager.build/FranchiseManager-own-target-headers.hmap -Xcc -I/Users/admin/Library/Developer/Xcode/DerivedData/FranchiseManager-bsdloxdagqlxnbhbpigdpismehms/Build/Intermediates.noindex/FranchiseManager.build/Debug/FranchiseManager.build/FranchiseManager-all-target-headers.hmap -Xcc -iquote -Xcc /Users/admin/Library/Developer/Xcode/DerivedData/FranchiseManager-bsdloxdagqlxnbhbpigdpismehms/Build/Intermediates.noindex/FranchiseManager.build/Debug/FranchiseManager.build/FranchiseManager-project-headers.hmap -Xcc -I/Users/admin/Library/Developer/Xcode/DerivedData/FranchiseManager-bsdloxdagqlxnbhbpigdpismehms/Build/Products/Debug/include -Xcc -I/Users/admin/Library/Developer/Xcode/DerivedData/FranchiseManager-bsdloxdagqlxnbhbpigdpismehms/Build/Intermediates.noindex/FranchiseManager.build/Debug/FranchiseManager.build/DerivedSources-normal/arm64 -Xcc -I/Users/admin/Library/Developer/Xcode/DerivedData/FranchiseManager-bsdloxdagqlxnbhbpigdpismehms/Build/Intermediates.noindex/FranchiseManager.build/Debug/FranchiseManager.build/DerivedSources/arm64 -Xcc -I/Users/admin/Library/Developer/Xcode/DerivedData/FranchiseManager-bsdloxdagqlxnbhbpigdpismehms/Build/Intermediates.noindex/FranchiseManager.build/Debug/FranchiseManager.build/DerivedSources -Xcc -DDEBUG\=1 -emit-objc-header -emit-objc-header-path /Users/admin/Library/Developer/Xcode/DerivedData/FranchiseManager-bsdloxdagqlxnbhbpigdpismehms/Build/Intermediates.noindex/FranchiseManager.build/Debug/FranchiseManager.build/Objects-normal/arm64/FranchiseManager-Swift.h -working-directory /Users/admin/Desktop/mainChannel/codingRelated/ClaudeHockey/FranchiseManager -experimental-emit-module-separately -disable-cmo

Ld /Users/admin/Library/Developer/Xcode/DerivedData/FranchiseManager-bsdloxdagqlxnbhbpigdpismehms/Build/Products/Debug/FranchiseManager.app/Contents/MacOS/FranchiseManager.debug.dylib normal (in target 'FranchiseManager' from project 'FranchiseManager')
    cd /Users/admin/Desktop/mainChannel/codingRelated/ClaudeHockey/FranchiseManager
    /Applications/Xcode.app/Contents/Developer/Toolchains/XcodeDefault.xctoolchain/usr/bin/clang -Xlinker -reproducible -target arm64-apple-macos15.3 -dynamiclib -isysroot /Applications/Xcode.app/Contents/Developer/Platforms/MacOSX.platform/Developer/SDKs/MacOSX15.5.sdk -O0 -L/Users/admin/Library/Developer/Xcode/DerivedData/FranchiseManager-bsdloxdagqlxnbhbpigdpismehms/Build/Intermediates.noindex/EagerLinkingTBDs/Debug -L/Users/admin/Library/Developer/Xcode/DerivedData/FranchiseManager-bsdloxdagqlxnbhbpigdpismehms/Build/Products/Debug -F/Users/admin/Library/Developer/Xcode/DerivedData/FranchiseManager-bsdloxdagqlxnbhbpigdpismehms/Build/Intermediates.noindex/EagerLinkingTBDs/Debug -F/Users/admin/Library/Developer/Xcode/DerivedData/FranchiseManager-bsdloxdagqlxnbhbpigdpismehms/Build/Products/Debug -filelist /Users/admin/Library/Developer/Xcode/DerivedData/FranchiseManager-bsdloxdagqlxnbhbpigdpismehms/Build/Intermediates.noindex/FranchiseManager.build/Debug/FranchiseManager.build/Objects-normal/arm64/FranchiseManager.LinkFileList -install_name @rpath/FranchiseManager.debug.dylib -Xlinker -rpath -Xlinker @executable_path/../Frameworks -Xlinker -object_path_lto -Xlinker /Users/admin/Library/Developer/Xcode/DerivedData/FranchiseManager-bsdloxdagqlxnbhbpigdpismehms/Build/Intermediates.noindex/FranchiseManager.build/Debug/FranchiseManager.build/Objects-normal/arm64/FranchiseManager_lto.o -rdynamic -Xlinker -no_deduplicate -Xlinker -dependency_info -Xlinker /Users/admin/Library/Developer/Xcode/DerivedData/FranchiseManager-bsdloxdagqlxnbhbpigdpismehms/Build/Intermediates.noindex/FranchiseManager.build/Debug/FranchiseManager.build/Objects-normal/arm64/FranchiseManager_dependency_info.dat -fobjc-link-runtime -L/Applications/Xcode.app/Contents/Developer/Toolchains/XcodeDefault.xctoolchain/usr/lib/swift/macosx -L/usr/lib/swift -Xlinker -add_ast_path -Xlinker /Users/admin/Library/Developer/Xcode/DerivedData/FranchiseManager-bsdloxdagqlxnbhbpigdpismehms/Build/Intermediates.noindex/FranchiseManager.build/Debug/FranchiseManager.build/Objects-normal/arm64/FranchiseManager.swiftmodule -Xlinker -alias -Xlinker _main -Xlinker ___debug_main_executable_dylib_entry_point -Xlinker -no_adhoc_codesign -o /Users/admin/Library/Developer/Xcode/DerivedData/FranchiseManager-bsdloxdagqlxnbhbpigdpismehms/Build/Products/Debug/FranchiseManager.app/Contents/MacOS/FranchiseManager.debug.dylib

ConstructStubExecutorLinkFileList /Users/admin/Library/Developer/Xcode/DerivedData/FranchiseManager-bsdloxdagqlxnbhbpigdpismehms/Build/Intermediates.noindex/FranchiseManager.build/Debug/FranchiseManager.build/FranchiseManager-ExecutorLinkFileList-normal-arm64.txt (in target 'FranchiseManager' from project 'FranchiseManager')
    cd /Users/admin/Desktop/mainChannel/codingRelated/ClaudeHockey/FranchiseManager
    construct-stub-executor-link-file-list /Users/admin/Library/Developer/Xcode/DerivedData/FranchiseManager-bsdloxdagqlxnbhbpigdpismehms/Build/Products/Debug/FranchiseManager.app/Contents/MacOS/FranchiseManager.debug.dylib /Applications/Xcode.app/Contents/Developer/Platforms/MacOSX.platform/Developer/usr/lib/libPreviewsJITStubExecutor_no_swift_entry_point.a /Applications/Xcode.app/Contents/Developer/Platforms/MacOSX.platform/Developer/usr/lib/libPreviewsJITStubExecutor.a --output /Users/admin/Library/Developer/Xcode/DerivedData/FranchiseManager-bsdloxdagqlxnbhbpigdpismehms/Build/Intermediates.noindex/FranchiseManager.build/Debug/FranchiseManager.build/FranchiseManager-ExecutorLinkFileList-normal-arm64.txt
note: Using stub executor library with Swift entry point. (in target 'FranchiseManager' from project 'FranchiseManager')

Ld /Users/admin/Library/Developer/Xcode/DerivedData/FranchiseManager-bsdloxdagqlxnbhbpigdpismehms/Build/Products/Debug/FranchiseManager.app/Contents/MacOS/FranchiseManager normal (in target 'FranchiseManager' from project 'FranchiseManager')
    cd /Users/admin/Desktop/mainChannel/codingRelated/ClaudeHockey/FranchiseManager
    /Applications/Xcode.app/Contents/Developer/Toolchains/XcodeDefault.xctoolchain/usr/bin/clang -Xlinker -reproducible -target arm64-apple-macos15.3 -isysroot /Applications/Xcode.app/Contents/Developer/Platforms/MacOSX.platform/Developer/SDKs/MacOSX15.5.sdk -O0 -L/Users/admin/Library/Developer/Xcode/DerivedData/FranchiseManager-bsdloxdagqlxnbhbpigdpismehms/Build/Products/Debug -F/Users/admin/Library/Developer/Xcode/DerivedData/FranchiseManager-bsdloxdagqlxnbhbpigdpismehms/Build/Products/Debug -Xlinker -rpath -Xlinker @executable_path -Xlinker -rpath -Xlinker @executable_path/../Frameworks -rdynamic -Xlinker -no_deduplicate -e ___debug_blank_executor_main -Xlinker -sectcreate -Xlinker __TEXT -Xlinker __debug_dylib -Xlinker /Users/admin/Library/Developer/Xcode/DerivedData/FranchiseManager-bsdloxdagqlxnbhbpigdpismehms/Build/Intermediates.noindex/FranchiseManager.build/Debug/FranchiseManager.build/FranchiseManager-DebugDylibPath-normal-arm64.txt -Xlinker -sectcreate -Xlinker __TEXT -Xlinker __debug_instlnm -Xlinker /Users/admin/Library/Developer/Xcode/DerivedData/FranchiseManager-bsdloxdagqlxnbhbpigdpismehms/Build/Intermediates.noindex/FranchiseManager.build/Debug/FranchiseManager.build/FranchiseManager-DebugDylibInstallName-normal-arm64.txt -Xlinker -filelist -Xlinker /Users/admin/Library/Developer/Xcode/DerivedData/FranchiseManager-bsdloxdagqlxnbhbpigdpismehms/Build/Intermediates.noindex/FranchiseManager.build/Debug/FranchiseManager.build/FranchiseManager-ExecutorLinkFileList-normal-arm64.txt /Users/admin/Library/Developer/Xcode/DerivedData/FranchiseManager-bsdloxdagqlxnbhbpigdpismehms/Build/Products/Debug/FranchiseManager.app/Contents/MacOS/FranchiseManager.debug.dylib -Xlinker -no_adhoc_codesign -o /Users/admin/Library/Developer/Xcode/DerivedData/FranchiseManager-bsdloxdagqlxnbhbpigdpismehms/Build/Products/Debug/FranchiseManager.app/Contents/MacOS/FranchiseManager

CopySwiftLibs /Users/admin/Library/Developer/Xcode/DerivedData/FranchiseManager-bsdloxdagqlxnbhbpigdpismehms/Build/Products/Debug/FranchiseManager.app (in target 'FranchiseManager' from project 'FranchiseManager')
    cd /Users/admin/Desktop/mainChannel/codingRelated/ClaudeHockey/FranchiseManager
    builtin-swiftStdLibTool --copy --verbose --sign D8F0123E5BC3369873307E5FA11604AB0D01819E --scan-executable /Users/admin/Library/Developer/Xcode/DerivedData/FranchiseManager-bsdloxdagqlxnbhbpigdpismehms/Build/Products/Debug/FranchiseManager.app/Contents/MacOS/FranchiseManager.debug.dylib --scan-folder /Users/admin/Library/Developer/Xcode/DerivedData/FranchiseManager-bsdloxdagqlxnbhbpigdpismehms/Build/Products/Debug/FranchiseManager.app/Contents/Frameworks --scan-folder /Users/admin/Library/Developer/Xcode/DerivedData/FranchiseManager-bsdloxdagqlxnbhbpigdpismehms/Build/Products/Debug/FranchiseManager.app/Contents/PlugIns --scan-folder /Users/admin/Library/Developer/Xcode/DerivedData/FranchiseManager-bsdloxdagqlxnbhbpigdpismehms/Build/Products/Debug/FranchiseManager.app/Contents/Library/SystemExtensions --scan-folder /Users/admin/Library/Developer/Xcode/DerivedData/FranchiseManager-bsdloxdagqlxnbhbpigdpismehms/Build/Products/Debug/FranchiseManager.app/Contents/Extensions --platform macosx --toolchain /Applications/Xcode.app/Contents/Developer/Toolchains/XcodeDefault.xctoolchain --destination /Users/admin/Library/Developer/Xcode/DerivedData/FranchiseManager-bsdloxdagqlxnbhbpigdpismehms/Build/Products/Debug/FranchiseManager.app/Contents/Frameworks --strip-bitcode --strip-bitcode-tool /Applications/Xcode.app/Contents/Developer/Toolchains/XcodeDefault.xctoolchain/usr/bin/bitcode_strip --emit-dependency-info /Users/admin/Library/Developer/Xcode/DerivedData/FranchiseManager-bsdloxdagqlxnbhbpigdpismehms/Build/Intermediates.noindex/FranchiseManager.build/Debug/FranchiseManager.build/SwiftStdLibToolInputDependencies.dep --filter-for-swift-os

ExtractAppIntentsMetadata (in target 'FranchiseManager' from project 'FranchiseManager')
    cd /Users/admin/Desktop/mainChannel/codingRelated/ClaudeHockey/FranchiseManager
    /Applications/Xcode.app/Contents/Developer/Toolchains/XcodeDefault.xctoolchain/usr/bin/appintentsmetadataprocessor --toolchain-dir /Applications/Xcode.app/Contents/Developer/Toolchains/XcodeDefault.xctoolchain --module-name FranchiseManager --sdk-root /Applications/Xcode.app/Contents/Developer/Platforms/MacOSX.platform/Developer/SDKs/MacOSX15.5.sdk --xcode-version 16F6 --platform-family macOS --deployment-target 15.3 --bundle-identifier homebrew.FranchiseManager --output /Users/admin/Library/Developer/Xcode/DerivedData/FranchiseManager-bsdloxdagqlxnbhbpigdpismehms/Build/Products/Debug/FranchiseManager.app/Contents/Resources --target-triple arm64-apple-macos15.3 --binary-file /Users/admin/Library/Developer/Xcode/DerivedData/FranchiseManager-bsdloxdagqlxnbhbpigdpismehms/Build/Products/Debug/FranchiseManager.app/Contents/MacOS/FranchiseManager --dependency-file /Users/admin/Library/Developer/Xcode/DerivedData/FranchiseManager-bsdloxdagqlxnbhbpigdpismehms/Build/Intermediates.noindex/FranchiseManager.build/Debug/FranchiseManager.build/Objects-normal/arm64/FranchiseManager_dependency_info.dat --stringsdata-file /Users/admin/Library/Developer/Xcode/DerivedData/FranchiseManager-bsdloxdagqlxnbhbpigdpismehms/Build/Intermediates.noindex/FranchiseManager.build/Debug/FranchiseManager.build/Objects-normal/arm64/ExtractedAppShortcutsMetadata.stringsdata --source-file-list /Users/admin/Library/Developer/Xcode/DerivedData/FranchiseManager-bsdloxdagqlxnbhbpigdpismehms/Build/Intermediates.noindex/FranchiseManager.build/Debug/FranchiseManager.build/Objects-normal/arm64/FranchiseManager.SwiftFileList --metadata-file-list /Users/admin/Library/Developer/Xcode/DerivedData/FranchiseManager-bsdloxdagqlxnbhbpigdpismehms/Build/Intermediates.noindex/FranchiseManager.build/Debug/FranchiseManager.build/FranchiseManager.DependencyMetadataFileList --static-metadata-file-list /Users/admin/Library/Developer/Xcode/DerivedData/FranchiseManager-bsdloxdagqlxnbhbpigdpismehms/Build/Intermediates.noindex/FranchiseManager.build/Debug/FranchiseManager.build/FranchiseManager.DependencyStaticMetadataFileList --swift-const-vals-list /Users/admin/Library/Developer/Xcode/DerivedData/FranchiseManager-bsdloxdagqlxnbhbpigdpismehms/Build/Intermediates.noindex/FranchiseManager.build/Debug/FranchiseManager.build/Objects-normal/arm64/FranchiseManager.SwiftConstValuesFileList --compile-time-extraction --deployment-aware-processing --validate-assistant-intents --no-app-shortcuts-localization
2025-08-05 18:18:22.524 appintentsmetadataprocessor[37971:1677147] Starting appintentsmetadataprocessor export
2025-08-05 18:18:22.525 appintentsmetadataprocessor[37971:1677147] warning: Metadata extraction skipped. No AppIntents.framework dependency found.

CodeSign /Users/admin/Library/Developer/Xcode/DerivedData/FranchiseManager-bsdloxdagqlxnbhbpigdpismehms/Build/Products/Debug/FranchiseManager.app/Contents/MacOS/FranchiseManager.debug.dylib (in target 'FranchiseManager' from project 'FranchiseManager')
    cd /Users/admin/Desktop/mainChannel/codingRelated/ClaudeHockey/FranchiseManager
    
    Signing Identity:     "Apple Development: tristangilbertqc@icloud.com (2UZMTGZXFL)"
    
    /usr/bin/codesign --force --sign D8F0123E5BC3369873307E5FA11604AB0D01819E -o runtime --timestamp\=none --generate-entitlement-der /Users/admin/Library/Developer/Xcode/DerivedData/FranchiseManager-bsdloxdagqlxnbhbpigdpismehms/Build/Products/Debug/FranchiseManager.app/Contents/MacOS/FranchiseManager.debug.dylib
/Users/admin/Library/Developer/Xcode/DerivedData/FranchiseManager-bsdloxdagqlxnbhbpigdpismehms/Build/Products/Debug/FranchiseManager.app/Contents/MacOS/FranchiseManager.debug.dylib: errSecInternalComponent
Command CodeSign failed with a nonzero exit code

** BUILD FAILED **


The following build commands failed:
	CodeSign /Users/admin/Library/Developer/Xcode/DerivedData/FranchiseManager-bsdloxdagqlxnbhbpigdpismehms/Build/Products/Debug/FranchiseManager.app/Contents/MacOS/FranchiseManager.debug.dylib (in target 'FranchiseManager' from project 'FranchiseManager')
	Building project FranchiseManager with scheme FranchiseManager
(2 failures)
